Archive member included to satisfy reference by file (symbol)

../include_lib/bluetooth_lib.a(RF_bredr.o)
                              obj\Release\apps\btstack\user\bt_configs_user.o (symbol from plugin) (__set_max_pwr)
../include_lib/bluetooth_lib.a(slot_timer.o)
                              RF_bredr.o (symbol from plugin) (irq_bt_clkn_handler)
../include_lib/bluetooth_lib.a(link_controller.o)
                              RF_bredr.o (symbol from plugin) (bt_power_wakeup_irq_handle)
../include_lib/bluetooth_lib.a(RF.o)
                              RF_bredr.o (symbol from plugin) (rf)
../include_lib/bluetooth_lib.a(analog.o)
                              RF.o (symbol from plugin) (set_bt_trim_mode)
../include_lib/bluetooth_lib.a(btagc.o)
                              RF.o (symbol from plugin) (btagc_init)
../include_lib/bluetooth_lib.a(baseband_manager.o)
                              link_controller.o (symbol from plugin) (set_esco_reg_start)
../include_lib/bluetooth_lib.a(lmp.o)
                              obj\Release\apps\cpu\ac691x\power\power.o (symbol from plugin) (lmp_get_sniff_flag)
../include_lib/bluetooth_lib.a(lmp_updata.o)
                              obj\Release\apps\task_manager\task_bt\task_bt.o (symbol from plugin) (get_updata_end_flag)
../include_lib/bluetooth_lib.a(bt_led.o)
                              obj\Release\apps\cpu\ac691x\led\led.o (symbol from plugin) (bt_led_init)
../include_lib/bluetooth_lib.a(a2dp.o)
                              obj\Release\apps\common\music_player\music_player.o (symbol from plugin) (set_sbc_energy_detect_flag)
../include_lib/bluetooth_lib.a(avctp.o)
                              a2dp.o (symbol from plugin) (otp_auto_pause_music_player)
../include_lib/bluetooth_lib.a(bt_audio.o)
                              obj\Release\apps\btstack\user\bt_configs_user.o (symbol from plugin) (bt_phone_audio_handle_register)
../include_lib/bluetooth_lib.a(avctp_user.o)
                              obj\Release\apps\task_manager\task_bt\task_bt.o (symbol from plugin) (get_cur_conn_support_inband_ringtone)
../include_lib/bluetooth_lib.a(bt_configs.o)
                              obj\Release\apps\btstack\trunk\bt_trunk_main.o (symbol from plugin) (cfg_bt_pll_para)
../include_lib/bluetooth_lib.a(edr_main.o)
                              obj\Release\apps\cpu\ac691x\memory_api.o (symbol from plugin) (get_bt_database_vm)
../include_lib/bluetooth_lib.a(btstack_task.o)
                              obj\Release\apps\btstack\trunk\bt_trunk_main.o (symbol from plugin) (bt_config_default_init)
../include_lib/bluetooth_lib.a(bt_mask_callback.o)
                              obj\Release\apps\btstack\trunk\bt_trunk_main.o (symbol from plugin) (bt_mask_callback_init)
../include_lib/bluetooth_lib.a(test_dut.o)
                              link_controller.o (symbol from plugin) (dut_config_analog)
../include_lib/bluetooth_lib.a(analog_bredr.o)
                              link_controller.o (symbol from plugin) (link_init_agc_pwr)
../include_lib/bluetooth_lib.a(bredr_bulk.o)
                              bt_configs.o (symbol from plugin) (bredr_mem_init)
../include_lib/bluetooth_lib.a(bt_deal_interface.o)
                              avctp_user.o (symbol from plugin) (check_work_addr)
../include_lib/bluetooth_lib.a(device_manager.o)
                              bt_mask_callback.o (symbol from plugin) (device_manager_struct_init)
../include_lib/bluetooth_lib.a(hci.o)
                              bt_mask_callback.o (symbol from plugin) (lmp_hci_struct_init)
../include_lib/bluetooth_lib.a(lmp_custom.o)
                              bt_mask_callback.o (symbol from plugin) (otp_lmp_custom_command_process)
../include_lib/bluetooth_lib.a(lmp_role.o)
                              bt_mask_callback.o (symbol from plugin) (otp_lmp_role_escape4_handler)
../include_lib/bluetooth_lib.a(avdtp.o)
                              bt_mask_callback.o (symbol from plugin) (otp_avdtp_packet_handler)
../include_lib/bluetooth_lib.a(hfp_profile.o)
                              edr_main.o (symbol from plugin) (hfp_profile_init)
../include_lib/bluetooth_lib.a(spp_profile.o)
                              edr_main.o (symbol from plugin) (spp_handl_init)
../include_lib/bluetooth_lib.a(sdp.o)
                              edr_main.o (symbol from plugin) (sdp_init)
../include_lib/bluetooth_lib.a(sdp_master.o)
                              edr_main.o (symbol from plugin) (sdp_master_init)
../include_lib/bluetooth_lib.a(sdp_util.o)
                              edr_main.o (symbol from plugin) (sdp_service_record_init)
../include_lib/bluetooth_lib.a(bt_esco_codec.o)
                              bt_mask_callback.o (symbol from plugin) (esco_codec_fun)
../include_lib/rtc_lib.a(rtc_driver.o)
                              obj\Release\apps\cpu\ac691x\board\board.o (symbol from plugin) (RTC_CLK_INIT)
../include_lib/power_manage_lib.a(power_manage_api.o)
                              obj\Release\apps\cpu\ac691x\power\power.o (symbol from plugin) (set_lowpower_osc)
../include_lib/power_manage_lib.a(power_manage.o)
                              baseband_manager.o (symbol from plugin) (get_lowpower_mode_config)
../include_lib/power_manage_lib.a(pmu.o)
                              obj\Release\apps\cpu\ac691x\board\board.o (symbol from plugin) (PMU_CLK_INIT)
../include_lib/power_manage_lib.a(power_set.o)
                              power_manage_api.o (symbol from plugin) (set_pwrmd)
../include_lib/power_manage_lib.a(p33.o)
                              obj\Release\apps\cpu\ac691x\board\board.o (symbol from plugin) (P33_CLK_INIT)
../include_lib/power_manage_lib.a(powersleep.o)
                              power_manage_api.o (symbol from plugin) (enter_sleep_mode)
../include_lib/power_manage_lib.a(power_driver.o)
                              obj\Release\apps\cpu\ac691x\board\board.o (symbol from plugin) (OTP_CONTROL)
../include_lib/power_manage_lib.a(softpoweroff.o)
                              power_manage_api.o (symbol from plugin) (enter_softpoweroff_mode)
../include_lib/power_manage_lib.a(power_driver_reg.o)
                              power_set.o (symbol from plugin) (LDO15_EN)
../include_lib/power_manage_lib.a(poweroff.o)
                              power_manage_api.o (symbol from plugin) (enter_poweroff_mode)
../include_lib/power_manage_lib.a(powerdown.o)
                              power_driver.o (symbol from plugin) (power_suspend_time)
../include_lib/periphy_lib.a(irq_api.o)
                              obj\Release\apps\cpu\ac691x\irq.o (symbol from plugin) (irq_init)
../include_lib/periphy_lib.a(rand64.o)
                              bt_mask_callback.o (symbol from plugin) (get_random_number)
../include_lib/periphy_lib.a(clock_api.o)
                              obj\Release\apps\cpu\ac691x\clock.o (symbol from plugin) (clock_init)
../include_lib/periphy_lib.a(crc_api.o)
                              obj\Release\apps\btstack\user\aec_user.o (symbol from plugin) (crc16)
../include_lib/periphy_lib.a(clock_driver.o)
                              obj\Release\apps\cpu\ac691x\clock.o (symbol from plugin) (set_auto_dvdd_lev_cab)
../include_lib/periphy_lib.a(startup.o)
                              (_start)
../include_lib/aec_lib.a(aec.o)
                              obj\Release\apps\btstack\trunk\aec_main.o (symbol from plugin) (aec_handle_register)
../include_lib/aec_lib.a(AGC.o)
                              aec.o (symbol from plugin) (aec_digital_agc)
../include_lib/aec_lib.a(aec_dbg.o)
                              aec.o (symbol from plugin) (aec_dbg_write)
../include_lib/aec_lib.a(loss_packets_repair.o)
                              obj\Release\apps\btstack\trunk\audio_improve_main.o (symbol from plugin) (LossPacketRepair_QueryBuffSize)
../include_lib/aec_lib.a(sync_out.o)
                              obj\Release\apps\btstack\trunk\audio_improve_main.o (symbol from plugin) (sync_out_querybuf)
../include_lib/audio_lib.a(ladc_api.o)
                              obj\Release\apps\cpu\ac691x\audio\ladc.o (symbol from plugin) (ladc_isr_cb_register)
../include_lib/audio_lib.a(src_api.o)
                              obj\Release\apps\btstack\trunk\a2dp_sync.o (symbol from plugin) (src_mem_query)
../include_lib/audio_lib.a(dac_api.o)
                              obj\Release\apps\cpu\ac691x\audio\dac.o (symbol from plugin) (dac_callback_register)
../include_lib/audio_lib.a(eq_api.o)
                              obj\Release\apps\cpu\ac691x\audio\eq.o (symbol from plugin) (eq_mem_query)
../include_lib/audio_lib.a(linein_api.o)
                              dac_api.o (symbol from plugin) (linein_channel_open)
../include_lib/dev_mg_lib.a(dev_cache.o)
                              obj\Release\apps\common\dev_manage.o (symbol from plugin) (dev_reg_cache)
../include_lib/dev_mg_lib.a(dev_sd.o)
                              obj\Release\apps\common\dev_manage.o (symbol from plugin) (dev_reg_sd0)
../include_lib/dev_mg_lib.a(dev_mg_api.o)
                              obj\Release\apps\common\dev_manage.o (symbol from plugin) (dev_get_name_by_handle)
../include_lib/dev_mg_lib.a(mbr.o)
                              obj\Release\apps\common\dev_manage.o (symbol from plugin) (mbr_scan)
../include_lib/fs_lib.a(syd_io.o)
                              obj\Release\apps\common\fs\fs.o (symbol from plugin) (syd_init)
../include_lib/fs_lib.a(fat_io.o)
                              obj\Release\apps\task_manager\task_music\task_music.o (symbol from plugin) (fat_init)
../include_lib/fs_lib.a(fs_io.o)
                              obj\Release\apps\common\fs\fs.o (symbol from plugin) (fs_init)
../include_lib/fs_lib.a(syd_file.o)
                              syd_io.o (symbol from plugin) (set_sydf_header_base)
../include_lib/fs_lib.a(ff_api.o)
                              fat_io.o (symbol from plugin) (set_swin_buf)
../include_lib/fs_lib.a(tff.o)
                              mbr.o (symbol from plugin) (ld_word_func)
../include_lib/sdmmc_lib.a(sd_controller_interface.o)
                              dev_sd.o (symbol from plugin) (get_sd_dev_busy_status)
../include_lib/sdmmc_lib.a(sd_global_var.o)
                              sd_controller_interface.o (symbol from plugin) (g_sd0_var_p)
../include_lib/sdmmc_lib.a(sd_driver.o)
                              sd_controller_interface.o (symbol from plugin) (__sd_drv)
../include_lib/sdmmc_lib.a(sdmmc_init.o)
                              sd_controller_interface.o (symbol from plugin) (sd_init)
../include_lib/sdmmc_lib.a(sdmmc_host_set_bus_width.o)
                              sdmmc_init.o (symbol from plugin) (sd_set_bus_width)
../include_lib/sdmmc_lib.a(sd_host_mount.o)
                              sdmmc_init.o (symbol from plugin) (sd_mount)
../include_lib/sdmmc_lib.a(sdmmc_host_set_hispeed.o)
                              sdmmc_init.o (symbol from plugin) (sd_set_hispeed)
../include_lib/sdmmc_lib.a(sd_host_read_api.o)
                              sd_controller_interface.o (symbol from plugin) (sd_read_api)
../include_lib/sdmmc_lib.a(sd_host_unmount.o)
                              sd_controller_interface.o (symbol from plugin) (sd_unmount)
../include_lib/sdmmc_lib.a(sd_host_read.o)
                              sd_host_read_api.o (symbol from plugin) (sd_read)
../include_lib/sdmmc_lib.a(suspend_sdmmc.o)
                              dev_sd.o (symbol from plugin) (sd_suspend)
../include_lib/sdmmc_lib.a(sd_host_init.o)
                              sdmmc_init.o (symbol from plugin) (sd_host_init)
../include_lib/sdmmc_lib.a(sd_host_write_api.o)
                              sd_controller_interface.o (symbol from plugin) (sd_write_api)
../include_lib/sdmmc_lib.a(sd_host_write.o)
                              sd_host_write_api.o (symbol from plugin) (sd_write)
../include_lib/sdmmc_lib.a(sd_init.o)
                              sd_host_mount.o (symbol from plugin) (sd_init_card)
../include_lib/sdmmc_lib.a(sd_host_set_hispeed.o)
                              sdmmc_host_set_hispeed.o (symbol from plugin) (sd_host_set_hispeed)
../include_lib/sdmmc_lib.a(sd_host_send_if_cond.o)
                              sd_init.o (symbol from plugin) (sd_host_send_if_cond)
../include_lib/sdmmc_lib.a(mmc_host_send_rca.o)
                              sd_init.o (symbol from plugin) (mmc_host_send_rca)
../include_lib/sdmmc_lib.a(sd_host_reset.o)
                              sd_init.o (symbol from plugin) (sd_host_reset)
../include_lib/sdmmc_lib.a(sd_send_scr.o)
                              sdmmc_host_set_bus_width.o (symbol from plugin) (sd_send_scr)
../include_lib/sdmmc_lib.a(sd_host_stop_trans.o)
                              sd_host_read.o (symbol from plugin) (sd_host_stop_trans)
../include_lib/sdmmc_lib.a(sd_host_switch_func.o)
                              sd_host_set_hispeed.o (symbol from plugin) (sd_host_switch_func)
../include_lib/sdmmc_lib.a(mmc_host_set_bus_width.o)
                              sdmmc_host_set_bus_width.o (symbol from plugin) (mmc_host_set_bus_width)
../include_lib/sdmmc_lib.a(mmc_host_set_hispeed.o)
                              sdmmc_host_set_hispeed.o (symbol from plugin) (mmc_host_set_hispeed)
../include_lib/sdmmc_lib.a(sd_host_send_rca.o)
                              sd_init.o (symbol from plugin) (sd_host_send_rca)
../include_lib/sdmmc_lib.a(sd_host_all_send_cid.o)
                              sd_init.o (symbol from plugin) (sd_host_all_send_cid)
../include_lib/sdmmc_lib.a(sd_host_send_csd.o)
                              sd_init.o (symbol from plugin) (sd_host_send_csd)
../include_lib/sdmmc_lib.a(sd_host_sd_status.o)
                              sdmmc_host_set_bus_width.o (symbol from plugin) (sd_host_sd_status)
../include_lib/sdmmc_lib.a(sd_select_card.o)
                              sd_init.o (symbol from plugin) (sd_select_card)
../include_lib/sdmmc_lib.a(sd_host_set_bus_width.o)
                              sdmmc_host_set_bus_width.o (symbol from plugin) (sd_host_set_bus_width)
../include_lib/sdmmc_lib.a(sd_host_app_cmd.o)
                              sd_send_scr.o (symbol from plugin) (sd_host_app_cmd)
../include_lib/sdmmc_lib.a(sdmmc_det.o)
                              dev_sd.o (symbol from plugin) (sd_is_online)
../include_lib/sdmmc_lib.a(sd_host_hw.o)
                              sdmmc_det.o (symbol from plugin) (sd_cmd_check)
../include_lib/sdmmc_lib.a(sd_chk_ctl.o)
                              sdmmc_det.o (symbol from plugin) (sd_chk_ctl)
../include_lib/sdmmc_lib.a(sd_wait_idle.o)
                              sd_controller_interface.o (symbol from plugin) (sd_wait_idle)
../include_lib/sdmmc_lib.a(sd_send_command.o)
                              sd_host_read.o (symbol from plugin) (sd_send_command)
../include_lib/sdmmc_lib.a(sd_read_start.o)
                              sd_host_read.o (symbol from plugin) (sd_read_start)
../include_lib/sdmmc_lib.a(sd_write_start.o)
                              sd_host_write.o (symbol from plugin) (sd_write_start)
../include_lib/sdmmc_lib.a(sd_host_status.o)
                              sd_controller_interface.o (symbol from plugin) (sd_host_status)
../include_lib/sdmmc_lib.a(sd_host_reg.o)
                              sd_driver.o (symbol from plugin) (SD_CMD_MODE)
../include_lib/sdmmc_lib.a(sd_host_identification.o)
                              sd_init.o (symbol from plugin) (sd_host_identification)
../include_lib/sdmmc_lib.a(sd_host_timeout.o)
                              sd_send_scr.o (symbol from plugin) (sd_host_timeout)
../include_lib/sdmmc_lib.a(mmc_host_send_op_cond.o)
                              sd_host_identification.o (symbol from plugin) (mmc_host_send_op_cond)
../include_lib/sdmmc_lib.a(sd_host_send_op_cond.o)
                              sd_host_identification.o (symbol from plugin) (sd_host_send_op_cond)
../include_lib/flash_lib.a(vm_api.o)
                              obj\Release\apps\common\flash_api.o (symbol from plugin) (set_g_sys_cfg)
../include_lib/flash_lib.a(cache_vm.o)
                              obj\Release\apps\cpu\ac691x\audio\dac.o (symbol from plugin) (get_vm_statu)
../include_lib/flash_lib.a(winbond_flash.o)
                              cache_vm.o (symbol from plugin) (spiflash_continuous_read_mode_reset)
../include_lib/flash_lib.a(icache_hw.o)
                              cache_vm.o (symbol from plugin) (__icache_drv)
../include_lib/flash_lib.a(spi_hw.o)
                              cache_vm.o (symbol from plugin) (__spi0_drv)
../include_lib/dec/mp3_dec_lib.a(mtst_mp3.o)
                              obj\Release\apps\common\music_player\music_decoder_config.o (symbol from plugin) (get_mp3_ops)
../include_lib/dec/mp3_dec_lib.a(asf.o)
                              mtst_mp3.o (symbol from plugin) (mp3asf_read_header)
../include_lib/dec/mp3_dec_lib.a(mpeg_synth.o)
                              mtst_mp3.o (symbol from plugin) (mpegaudio_synth_full)
../include_lib/dec/mp3_dec_lib.a(layer12.o)
                              mtst_mp3.o (symbol from plugin) (mad_layer_I)
../include_lib/dec/mp3_dec_lib.a(mpegaudio.o)
                              mtst_mp3.o (symbol from plugin) (get_bit_stream_len)
../include_lib/dec/mp3_dec_lib.a(ID3tag_skip.o)
                              mtst_mp3.o (symbol from plugin) (id3_tag_query)
../include_lib/dec/mp3_dec_lib.a(layer3.o)
                              mpegaudio.o (symbol from plugin) (III_sideinfo)
../include_lib/dec/mp3_dec_lib.a(huffman.o)
                              layer3.o (symbol from plugin) (mad_huff_quad_table)
../include_lib/dec/mp3_dec_lib.a(mpeg_ctab.o)
                              mpegaudio.o (symbol from plugin) (mp3_mpa_freq_tab)
../include_lib/dec/mp3_dec_lib.a(mp3_asm_subfun.o)
                              layer3.o (symbol from plugin) (III_freqinver_asm)
../include_lib/dec/wav_dec_lib.a(testwav.o)
                              obj\Release\apps\common\music_player\music_decoder_config.o (symbol from plugin) (get_wav_ops)
../include_lib/dec/wav_dec_lib.a(wavdec_api.o)
                              testwav.o (symbol from plugin) (wf_file_api_fun)
../include_lib/dec/wav_dec_lib.a(msadpcmdec.o)
                              wavdec_api.o (symbol from plugin) (ms_adpcm_decoder)
../include_lib/dec/wav_dec_lib.a(ima_adpcm.o)
                              wavdec_api.o (symbol from plugin) (ima_adpcm_decoder)

Allocating common symbols
Common symbol       size              file

aec_online          0x0               obj\Release\apps\btstack\user\aec_user.o (symbol from plugin)
args                0x0               obj\Release\apps\cpu\ac691x\board\board.o (symbol from plugin)
sys_cfg             0x0               obj\Release\apps\common\sys_cfg.o (symbol from plugin)
syd_member_head     0x0               obj\Release\apps\common\sys_cfg.o (symbol from plugin)
dac_ctl             0x0               obj\Release\apps\cpu\ac691x\audio\dac.o (symbol from plugin)
a2dp_dec_cbuf       0x0               obj\Release\apps\btstack\trunk\a2dp_sync.o (symbol from plugin)
user_inf_buf        0x0               obj\Release\apps\btstack\user\bt_configs_user.o (symbol from plugin)
decoder_io_p        0x0               obj\Release\apps\common\music_player\warning_tone.o (symbol from plugin)
sin_tone_var        0x0               obj\Release\apps\cpu\ac691x\audio\tone.o (symbol from plugin)
g_var               0x0               obj\Release\apps\cpu\ac691x\timer.o (symbol from plugin)
low_pwr_setup       0x0               obj\Release\apps\cpu\ac691x\power\power.o (symbol from plugin)
tone_src            0x0               obj\Release\apps\common\music_player\warning_tone.o (symbol from plugin)
adc_value           0x0               obj\Release\apps\cpu\ac691x\adc_api.o (symbol from plugin)
cfg_info_addr       0x0               obj\Release\apps\common\sys_cfg.o (symbol from plugin)
tone_var            0x0               obj\Release\apps\common\music_player\warning_tone.o (symbol from plugin)
sd0                 0x0               obj\Release\apps\common\dev_manage.o (symbol from plugin)
next_channel        0x0               obj\Release\apps\cpu\ac691x\adc_api.o (symbol from plugin)
app_use_flash_cfg   0x0               obj\Release\apps\common\sys_cfg.o (symbol from plugin)
syd_head            0x0               obj\Release\apps\common\sys_cfg.o (symbol from plugin)
bt_setup            0x0               obj\Release\apps\btstack\user\bt_configs_user.o (symbol from plugin)
a2dp_sync           0x0               obj\Release\apps\btstack\trunk\a2dp_sync.o (symbol from plugin)
cache               0x0               obj\Release\apps\common\dev_manage.o (symbol from plugin)
usb                 0x0               obj\Release\apps\common\dev_manage.o (symbol from plugin)
vm_cache            0x0               obj\Release\apps\common\flash_api.o (symbol from plugin)
eq_arg              0x0               obj\Release\apps\cpu\ac691x\audio\eq.o (symbol from plugin)
pwr_setup           0x0               obj\Release\apps\cpu\ac691x\power\power.o (symbol from plugin)
ut_dma_wr_cnt       0x0               obj\Release\apps\cpu\ac691x\uart\uart.o (symbol from plugin)
curr_tone_parm      0x0               obj\Release\apps\common\music_player\warning_tone.o (symbol from plugin)
nwt_ops             0x0               obj\Release\apps\common\music_player\warning_tone.o (symbol from plugin)
sd1                 0x0               obj\Release\apps\common\dev_manage.o (symbol from plugin)
music_decoder_hdl   0x0               obj\Release\apps\common\music_player\music_decoder.o (symbol from plugin)
charge              0x0               obj\Release\apps\cpu\ac691x\power\charge.o (symbol from plugin)
timer_callback_fun  0x0               obj\Release\apps\cpu\ac691x\timer.o (symbol from plugin)

Discarded input sections

 .text          0x00000000        0x0 obj\Release\apps\btstack\trunk\a2dp_sync.o (symbol from plugin)
 .text          0x00000000        0x0 obj\Release\apps\btstack\trunk\aec_main.o (symbol from plugin)
 .text          0x00000000        0x0 obj\Release\apps\btstack\trunk\audio_improve_main.o (symbol from plugin)
 .text          0x00000000        0x0 obj\Release\apps\btstack\trunk\bt_trunk_main.o (symbol from plugin)
 .text          0x00000000        0x0 obj\Release\apps\btstack\trunk\fcc_test.o (symbol from plugin)
 .text          0x00000000        0x0 obj\Release\apps\btstack\user\a2dp_decode.o (symbol from plugin)
 .text          0x00000000        0x0 obj\Release\apps\btstack\user\aec_user.o (symbol from plugin)
 .text          0x00000000        0x0 obj\Release\apps\btstack\user\bt_configs_user.o (symbol from plugin)
 .text          0x00000000        0x0 obj\Release\apps\common\common.o (symbol from plugin)
 .text          0x00000000        0x0 obj\Release\apps\common\compress.o (symbol from plugin)
 .text          0x00000000        0x0 obj\Release\apps\common\dev_manage.o (symbol from plugin)
 .text          0x00000000        0x0 obj\Release\apps\common\file_operate\file_io.o (symbol from plugin)
 .text          0x00000000        0x0 obj\Release\apps\common\file_operate\file_operate.o (symbol from plugin)
 .text          0x00000000        0x0 obj\Release\apps\common\flash_api.o (symbol from plugin)
 .text          0x00000000        0x0 obj\Release\apps\common\fs\fs.o (symbol from plugin)
 .text          0x00000000        0x0 obj\Release\apps\common\msg.o (symbol from plugin)
 .text          0x00000000        0x0 obj\Release\apps\common\music_player\music_decoder.o (symbol from plugin)
 .text          0x00000000        0x0 obj\Release\apps\common\music_player\music_decoder_config.o (symbol from plugin)
 .text          0x00000000        0x0 obj\Release\apps\common\music_player\music_player.o (symbol from plugin)
 .text          0x00000000        0x0 obj\Release\apps\common\music_player\warning_tone.o (symbol from plugin)
 .text          0x00000000        0x0 obj\Release\apps\common\sys_cfg.o (symbol from plugin)
 .text          0x00000000        0x0 obj\Release\apps\cpu\ac691x\adc_api.o (symbol from plugin)
 .text          0x00000000        0x0 obj\Release\apps\cpu\ac691x\audio\dac.o (symbol from plugin)
 .text          0x00000000        0x0 obj\Release\apps\cpu\ac691x\audio\eq.o (symbol from plugin)
 .text          0x00000000        0x0 obj\Release\apps\cpu\ac691x\audio\ladc.o (symbol from plugin)
 .text          0x00000000        0x0 obj\Release\apps\cpu\ac691x\audio\sin_tab.o (symbol from plugin)
 .text          0x00000000        0x0 obj\Release\apps\cpu\ac691x\audio\src.o (symbol from plugin)
 .text          0x00000000        0x0 obj\Release\apps\cpu\ac691x\audio\tone.o (symbol from plugin)
 .text          0x00000000        0x0 obj\Release\apps\cpu\ac691x\board\board.o (symbol from plugin)
 .text          0x00000000        0x0 obj\Release\apps\cpu\ac691x\board_init.o (symbol from plugin)
 .text          0x00000000        0x0 obj\Release\apps\cpu\ac691x\clock.o (symbol from plugin)
 .text          0x00000000        0x0 obj\Release\apps\cpu\ac691x\iic\iic.o (symbol from plugin)
 .text          0x00000000        0x0 obj\Release\apps\cpu\ac691x\iic\iic_hw.o (symbol from plugin)
 .text          0x00000000        0x0 obj\Release\apps\cpu\ac691x\irq.o (symbol from plugin)
 .text          0x00000000        0x0 obj\Release\apps\cpu\ac691x\key_drv\key.o (symbol from plugin)
 .text          0x00000000        0x0 obj\Release\apps\cpu\ac691x\key_drv\key_drv_ad_rtcvdd.o (symbol from plugin)
 .text          0x00000000        0x0 obj\Release\apps\cpu\ac691x\key_drv\key_drv_ad_vddio.o (symbol from plugin)
 .text          0x00000000        0x0 obj\Release\apps\cpu\ac691x\key_drv\key_drv_io.o (symbol from plugin)
 .text          0x00000000        0x0 obj\Release\apps\cpu\ac691x\key_drv\key_drv_ir.o (symbol from plugin)
 .text          0x00000000        0x0 obj\Release\apps\cpu\ac691x\key_drv\key_drv_tch.o (symbol from plugin)
 .text          0x00000000        0x0 obj\Release\apps\cpu\ac691x\key_drv\key_drv_uart.o (symbol from plugin)
 .text          0x00000000        0x0 obj\Release\apps\cpu\ac691x\led\led.o (symbol from plugin)
 .text          0x00000000        0x0 obj\Release\apps\cpu\ac691x\memory_api.o (symbol from plugin)
 .text          0x00000000        0x0 obj\Release\apps\cpu\ac691x\nv_mem\nv_mem.o (symbol from plugin)
 .text          0x00000000        0x0 obj\Release\apps\cpu\ac691x\power\charge.o (symbol from plugin)
 .text          0x00000000        0x0 obj\Release\apps\cpu\ac691x\power\power.o (symbol from plugin)
 .text          0x00000000        0x0 obj\Release\apps\cpu\ac691x\rotate_dec.o (symbol from plugin)
 .text          0x00000000        0x0 obj\Release\apps\cpu\ac691x\timer.o (symbol from plugin)
 .text          0x00000000        0x0 obj\Release\apps\cpu\ac691x\uart\uart.o (symbol from plugin)
 .text          0x00000000        0x0 obj\Release\apps\cpu\ac691x\updata.o (symbol from plugin)
 .text          0x00000000        0x0 obj\Release\apps\cpu\ac691x\wdt.o (symbol from plugin)
 .text          0x00000000        0x0 obj\Release\apps\task_manager\task_bt\task_bt.o (symbol from plugin)
 .text          0x00000000        0x0 obj\Release\apps\task_manager\task_bt\task_bt_key.o (symbol from plugin)
 .text          0x00000000        0x0 obj\Release\apps\task_manager\task_common.o (symbol from plugin)
 .text          0x00000000        0x0 obj\Release\apps\task_manager\task_idle\task_idle.o (symbol from plugin)
 .text          0x00000000        0x0 obj\Release\apps\task_manager\task_idle\task_idle_key.o (symbol from plugin)
 .text          0x00000000        0x0 obj\Release\apps\task_manager\task_manager.o (symbol from plugin)
 .text          0x00000000        0x0 obj\Release\apps\task_manager\task_music\task_music.o (symbol from plugin)
 .text          0x00000000        0x0 obj\Release\apps\task_manager\task_music\task_music_key.o (symbol from plugin)
 .text          0x00000000        0x0 RF_bredr.o (symbol from plugin)
 .text          0x00000000        0x0 slot_timer.o (symbol from plugin)
 .text          0x00000000        0x0 link_controller.o (symbol from plugin)
 .text          0x00000000        0x0 RF.o (symbol from plugin)
 .text          0x00000000        0x0 analog.o (symbol from plugin)
 .text          0x00000000        0x0 btagc.o (symbol from plugin)
 .text          0x00000000        0x0 baseband_manager.o (symbol from plugin)
 .text          0x00000000        0x0 lmp.o (symbol from plugin)
 .text          0x00000000        0x0 lmp_updata.o (symbol from plugin)
 .text          0x00000000        0x0 bt_led.o (symbol from plugin)
 .text          0x00000000        0x0 a2dp.o (symbol from plugin)
 .text          0x00000000        0x0 avctp.o (symbol from plugin)
 .text          0x00000000        0x0 bt_audio.o (symbol from plugin)
 .text          0x00000000        0x0 avctp_user.o (symbol from plugin)
 .text          0x00000000        0x0 bt_configs.o (symbol from plugin)
 .text          0x00000000        0x0 edr_main.o (symbol from plugin)
 .text          0x00000000        0x0 btstack_task.o (symbol from plugin)
 .text          0x00000000        0x0 bt_mask_callback.o (symbol from plugin)
 .text          0x00000000        0x0 test_dut.o (symbol from plugin)
 .text          0x00000000        0x0 analog_bredr.o (symbol from plugin)
 .text          0x00000000        0x0 bredr_bulk.o (symbol from plugin)
 .text          0x00000000        0x0 bt_deal_interface.o (symbol from plugin)
 .text          0x00000000        0x0 device_manager.o (symbol from plugin)
 .text          0x00000000        0x0 hci.o (symbol from plugin)
 .text          0x00000000        0x0 lmp_custom.o (symbol from plugin)
 .text          0x00000000        0x0 lmp_role.o (symbol from plugin)
 .text          0x00000000        0x0 avdtp.o (symbol from plugin)
 .text          0x00000000        0x0 hfp_profile.o (symbol from plugin)
 .text          0x00000000        0x0 spp_profile.o (symbol from plugin)
 .text          0x00000000        0x0 sdp.o (symbol from plugin)
 .text          0x00000000        0x0 sdp_master.o (symbol from plugin)
 .text          0x00000000        0x0 sdp_util.o (symbol from plugin)
 .text          0x00000000        0x0 bt_esco_codec.o (symbol from plugin)
 .text          0x00000000        0x0 rtc_driver.o (symbol from plugin)
 .text          0x00000000        0x0 power_manage_api.o (symbol from plugin)
 .text          0x00000000        0x0 power_manage.o (symbol from plugin)
 .text          0x00000000        0x0 pmu.o (symbol from plugin)
 .text          0x00000000        0x0 power_set.o (symbol from plugin)
 .text          0x00000000        0x0 p33.o (symbol from plugin)
 .text          0x00000000        0x0 powersleep.o (symbol from plugin)
 .text          0x00000000        0x0 power_driver.o (symbol from plugin)
 .text          0x00000000        0x0 softpoweroff.o (symbol from plugin)
 .text          0x00000000        0x0 power_driver_reg.o (symbol from plugin)
 .text          0x00000000        0x0 poweroff.o (symbol from plugin)
 .text          0x00000000        0x0 powerdown.o (symbol from plugin)
 .text          0x00000000        0x0 irq_api.o (symbol from plugin)
 .text          0x00000000        0x0 rand64.o (symbol from plugin)
 .text          0x00000000        0x0 clock_api.o (symbol from plugin)
 .text          0x00000000        0x0 crc_api.o (symbol from plugin)
 .text          0x00000000        0x0 clock_driver.o (symbol from plugin)
 .text          0x00000000        0x0 aec.o (symbol from plugin)
 .text          0x00000000        0x0 AGC.o (symbol from plugin)
 .text          0x00000000        0x0 aec_dbg.o (symbol from plugin)
 .text          0x00000000        0x0 loss_packets_repair.o (symbol from plugin)
 .text          0x00000000        0x0 sync_out.o (symbol from plugin)
 .text          0x00000000        0x0 ladc_api.o (symbol from plugin)
 .text          0x00000000        0x0 src_api.o (symbol from plugin)
 .text          0x00000000        0x0 dac_api.o (symbol from plugin)
 .text          0x00000000        0x0 eq_api.o (symbol from plugin)
 .text          0x00000000        0x0 linein_api.o (symbol from plugin)
 .text          0x00000000        0x0 dev_cache.o (symbol from plugin)
 .text          0x00000000        0x0 dev_sd.o (symbol from plugin)
 .text          0x00000000        0x0 dev_mg_api.o (symbol from plugin)
 .text          0x00000000        0x0 mbr.o (symbol from plugin)
 .text          0x00000000        0x0 syd_io.o (symbol from plugin)
 .text          0x00000000        0x0 fat_io.o (symbol from plugin)
 .text          0x00000000        0x0 fs_io.o (symbol from plugin)
 .text          0x00000000        0x0 syd_file.o (symbol from plugin)
 .text          0x00000000        0x0 ff_api.o (symbol from plugin)
 .text          0x00000000        0x0 tff.o (symbol from plugin)
 .text          0x00000000        0x0 sd_controller_interface.o (symbol from plugin)
 .text          0x00000000        0x0 sd_global_var.o (symbol from plugin)
 .text          0x00000000        0x0 sd_driver.o (symbol from plugin)
 .text          0x00000000        0x0 sdmmc_init.o (symbol from plugin)
 .text          0x00000000        0x0 sdmmc_host_set_bus_width.o (symbol from plugin)
 .text          0x00000000        0x0 sd_host_mount.o (symbol from plugin)
 .text          0x00000000        0x0 sdmmc_host_set_hispeed.o (symbol from plugin)
 .text          0x00000000        0x0 sd_host_read_api.o (symbol from plugin)
 .text          0x00000000        0x0 sd_host_unmount.o (symbol from plugin)
 .text          0x00000000        0x0 sd_host_read.o (symbol from plugin)
 .text          0x00000000        0x0 suspend_sdmmc.o (symbol from plugin)
 .text          0x00000000        0x0 sd_host_init.o (symbol from plugin)
 .text          0x00000000        0x0 sd_host_write_api.o (symbol from plugin)
 .text          0x00000000        0x0 sd_host_write.o (symbol from plugin)
 .text          0x00000000        0x0 sd_init.o (symbol from plugin)
 .text          0x00000000        0x0 sd_host_set_hispeed.o (symbol from plugin)
 .text          0x00000000        0x0 sd_host_send_if_cond.o (symbol from plugin)
 .text          0x00000000        0x0 mmc_host_send_rca.o (symbol from plugin)
 .text          0x00000000        0x0 sd_host_reset.o (symbol from plugin)
 .text          0x00000000        0x0 sd_send_scr.o (symbol from plugin)
 .text          0x00000000        0x0 sd_host_stop_trans.o (symbol from plugin)
 .text          0x00000000        0x0 sd_host_switch_func.o (symbol from plugin)
 .text          0x00000000        0x0 mmc_host_set_bus_width.o (symbol from plugin)
 .text          0x00000000        0x0 mmc_host_set_hispeed.o (symbol from plugin)
 .text          0x00000000        0x0 sd_host_send_rca.o (symbol from plugin)
 .text          0x00000000        0x0 sd_host_all_send_cid.o (symbol from plugin)
 .text          0x00000000        0x0 sd_host_send_csd.o (symbol from plugin)
 .text          0x00000000        0x0 sd_host_sd_status.o (symbol from plugin)
 .text          0x00000000        0x0 sd_select_card.o (symbol from plugin)
 .text          0x00000000        0x0 sd_host_set_bus_width.o (symbol from plugin)
 .text          0x00000000        0x0 sd_host_app_cmd.o (symbol from plugin)
 .text          0x00000000        0x0 sdmmc_det.o (symbol from plugin)
 .text          0x00000000        0x0 sd_host_hw.o (symbol from plugin)
 .text          0x00000000        0x0 sd_chk_ctl.o (symbol from plugin)
 .text          0x00000000        0x0 sd_wait_idle.o (symbol from plugin)
 .text          0x00000000        0x0 sd_send_command.o (symbol from plugin)
 .text          0x00000000        0x0 sd_read_start.o (symbol from plugin)
 .text          0x00000000        0x0 sd_write_start.o (symbol from plugin)
 .text          0x00000000        0x0 sd_host_status.o (symbol from plugin)
 .text          0x00000000        0x0 sd_host_reg.o (symbol from plugin)
 .text          0x00000000        0x0 sd_host_identification.o (symbol from plugin)
 .text          0x00000000        0x0 sd_host_timeout.o (symbol from plugin)
 .text          0x00000000        0x0 mmc_host_send_op_cond.o (symbol from plugin)
 .text          0x00000000        0x0 sd_host_send_op_cond.o (symbol from plugin)
 .text          0x00000000        0x0 vm_api.o (symbol from plugin)
 .text          0x00000000        0x0 cache_vm.o (symbol from plugin)
 .text          0x00000000        0x0 winbond_flash.o (symbol from plugin)
 .text          0x00000000        0x0 icache_hw.o (symbol from plugin)
 .text          0x00000000        0x0 spi_hw.o (symbol from plugin)
 .text          0x00000000        0x0 mtst_mp3.o (symbol from plugin)
 .text          0x00000000        0x0 asf.o (symbol from plugin)
 .text          0x00000000        0x0 mpeg_synth.o (symbol from plugin)
 .text          0x00000000        0x0 layer12.o (symbol from plugin)
 .text          0x00000000        0x0 mpegaudio.o (symbol from plugin)
 .text          0x00000000        0x0 ID3tag_skip.o (symbol from plugin)
 .text          0x00000000        0x0 layer3.o (symbol from plugin)
 .text          0x00000000        0x0 huffman.o (symbol from plugin)
 .text          0x00000000        0x0 mpeg_ctab.o (symbol from plugin)
 .text          0x00000000        0x0 testwav.o (symbol from plugin)
 .text          0x00000000        0x0 wavdec_api.o (symbol from plugin)
 .text          0x00000000        0x0 msadpcmdec.o (symbol from plugin)
 .text          0x00000000        0x0 ima_adpcm.o (symbol from plugin)

Memory Configuration

Name             Origin             Length             Attributes
reserved_ram     0x00000100         0x00000100         rw
mask_ram0        0x00000200         0x00000200
ram0             0x00000400         0x0000b700
overlay_ram0     0x0000bb00         0x00007000
rom_code         0x00022800         0x0001d800         x
stack_ram        0x00012b00         0x00001400         rw
code0            0x01000000         0x01000000         x
*default*        0x00000000         0xffffffff

Linker script and memory map

LOAD obj\Release\apps\btstack\trunk\a2dp_sync.o
LOAD C:\Users\ADMINI~1.PCO\AppData\Local\Temp\lto-llvm-e930c8.o
LOAD obj\Release\apps\btstack\trunk\aec_main.o
LOAD obj\Release\apps\btstack\trunk\audio_improve_main.o
LOAD obj\Release\apps\btstack\trunk\bt_trunk_main.o
LOAD obj\Release\apps\btstack\trunk\fcc_test.o
LOAD obj\Release\apps\btstack\user\a2dp_decode.o
LOAD obj\Release\apps\btstack\user\aec_user.o
LOAD obj\Release\apps\btstack\user\bt_configs_user.o
LOAD obj\Release\apps\common\common.o
LOAD obj\Release\apps\common\compress.o
LOAD obj\Release\apps\common\dev_manage.o
LOAD obj\Release\apps\common\file_operate\file_io.o
LOAD obj\Release\apps\common\file_operate\file_operate.o
LOAD obj\Release\apps\common\flash_api.o
LOAD obj\Release\apps\common\fs\fs.o
LOAD obj\Release\apps\common\msg.o
LOAD obj\Release\apps\common\music_player\music_decoder.o
LOAD obj\Release\apps\common\music_player\music_decoder_config.o
LOAD obj\Release\apps\common\music_player\music_player.o
LOAD obj\Release\apps\common\music_player\warning_tone.o
LOAD obj\Release\apps\common\sys_cfg.o
LOAD obj\Release\apps\cpu\ac691x\adc_api.o
LOAD obj\Release\apps\cpu\ac691x\audio\dac.o
LOAD obj\Release\apps\cpu\ac691x\audio\eq.o
LOAD obj\Release\apps\cpu\ac691x\audio\ladc.o
LOAD obj\Release\apps\cpu\ac691x\audio\sin_tab.o
LOAD obj\Release\apps\cpu\ac691x\audio\src.o
LOAD obj\Release\apps\cpu\ac691x\audio\tone.o
LOAD obj\Release\apps\cpu\ac691x\board\board.o
LOAD obj\Release\apps\cpu\ac691x\board_init.o
LOAD obj\Release\apps\cpu\ac691x\clock.o
LOAD obj\Release\apps\cpu\ac691x\iic\iic.o
LOAD obj\Release\apps\cpu\ac691x\iic\iic_hw.o
LOAD obj\Release\apps\cpu\ac691x\irq.o
LOAD obj\Release\apps\cpu\ac691x\key_drv\key.o
LOAD obj\Release\apps\cpu\ac691x\key_drv\key_drv_ad_rtcvdd.o
LOAD obj\Release\apps\cpu\ac691x\key_drv\key_drv_ad_vddio.o
LOAD obj\Release\apps\cpu\ac691x\key_drv\key_drv_io.o
LOAD obj\Release\apps\cpu\ac691x\key_drv\key_drv_ir.o
LOAD obj\Release\apps\cpu\ac691x\key_drv\key_drv_tch.o
LOAD obj\Release\apps\cpu\ac691x\key_drv\key_drv_uart.o
LOAD obj\Release\apps\cpu\ac691x\led\led.o
LOAD obj\Release\apps\cpu\ac691x\memory_api.o
LOAD obj\Release\apps\cpu\ac691x\nv_mem\nv_mem.o
LOAD obj\Release\apps\cpu\ac691x\power\charge.o
LOAD obj\Release\apps\cpu\ac691x\power\power.o
LOAD obj\Release\apps\cpu\ac691x\rotate_dec.o
LOAD obj\Release\apps\cpu\ac691x\timer.o
LOAD obj\Release\apps\cpu\ac691x\uart\uart.o
LOAD obj\Release\apps\cpu\ac691x\updata.o
LOAD obj\Release\apps\cpu\ac691x\version.o
LOAD obj\Release\apps\cpu\ac691x\wdt.o
LOAD obj\Release\apps\task_manager\task_bt\task_bt.o
LOAD obj\Release\apps\task_manager\task_bt\task_bt_key.o
LOAD obj\Release\apps\task_manager\task_common.o
LOAD obj\Release\apps\task_manager\task_idle\task_idle.o
LOAD obj\Release\apps\task_manager\task_idle\task_idle_key.o
LOAD obj\Release\apps\task_manager\task_manager.o
LOAD obj\Release\apps\task_manager\task_music\task_music.o
LOAD obj\Release\apps\task_manager\task_music\task_music_key.o
                0x00000100                . = ORIGIN (reserved_ram)

.reserved_data  0x00000100       0x13
                0x00000004                . = 0x4
 *fill*         0x00000100        0x4 
 *(.reserved_info)
 .reserved_info
                0x00000104        0xc C:\Users\ADMINI~1.PCO\AppData\Local\Temp\lto-llvm-e930c8.o
                0x00000104                boot_arg_list
 *(.otp_info)
 .otp_info      0x00000110        0x3 C:\Users\ADMINI~1.PCO\AppData\Local\Temp\lto-llvm-e930c8.o
                0x00000110                otp_arg_list
                0x00000400                . = ORIGIN (ram0)

.bss            0x00000400     0xa324
 *(.bss)
 .bss           0x00000400     0x1980 C:\Users\ADMINI~1.PCO\AppData\Local\Temp\lto-llvm-e930c8.o
 *(.ram1_bss)
 .ram1_bss      0x00001d80      0x3e4 C:\Users\ADMINI~1.PCO\AppData\Local\Temp\lto-llvm-e930c8.o
                0x00001df0                bredr_rf
                0x00001e00                ghandl
                0x00002058                power_hdl
                0x00002164                bredr_base_addr = .
 *(.bt_classic_base)
 .bt_classic_base
                0x00002164      0xe20 C:\Users\ADMINI~1.PCO\AppData\Local\Temp\lto-llvm-e930c8.o
 *(.bt_sco_codec_data)
 .bt_sco_codec_data
                0x00002f84      0x300 C:\Users\ADMINI~1.PCO\AppData\Local\Temp\lto-llvm-e930c8.o
 *(.bt_classic_data)
 .bt_classic_data
                0x00003284      0x800 C:\Users\ADMINI~1.PCO\AppData\Local\Temp\lto-llvm-e930c8.o
 *(.bt_stack)
 .bt_stack      0x00003a84     0x5200 C:\Users\ADMINI~1.PCO\AppData\Local\Temp\lto-llvm-e930c8.o
 *(.dac_buf_sec)
 .dac_buf_sec   0x00008c84     0x1aa0 C:\Users\ADMINI~1.PCO\AppData\Local\Temp\lto-llvm-e930c8.o
                0x00009f84                read_buf
                0x0000a2c4                src_buffer

.data           0x0000a730      0xbec
                0x0000a730                __begin_of_bank_overlay_0 = .
                0x0000a730                . = ALIGN (0x4)
 *(.data*)
 .data          0x0000a730      0x1f0 C:\Users\ADMINI~1.PCO\AppData\Local\Temp\lto-llvm-e930c8.o
 *(.mask_call*)
                0x0000a920                bredr_base_updata_ram1 = .
                0x0000a920                _bredr_nv_mem_begin = .
 *(.ram1_data)
 .ram1_data     0x0000a920       0x46 C:\Users\ADMINI~1.PCO\AppData\Local\Temp\lto-llvm-e930c8.o
                0x0000a966                _bredr_nv_mem_end = .
                0x0000a966                _ble_nv_mem_begin = .
 *(.bt_nv_data)
                0x0000a966                _ble_nv_mem_end = .
 *(.powerdown_text)
 *fill*         0x0000a966        0x2 
 .powerdown_text
                0x0000a968      0x5fc C:\Users\ADMINI~1.PCO\AppData\Local\Temp\lto-llvm-e930c8.o
                0x0000a968                get_work_mode
                0x0000a974                OTP_CONTROL
                0x0000af28                hw_cache_idle
                0x0000af40                hw_cache_run
                0x0000af4c                use_rc_clk
 *(.eq_buf_sec)
 *(.sd_buf)
 .sd_buf        0x0000af64       0x38 C:\Users\ADMINI~1.PCO\AppData\Local\Temp\lto-llvm-e930c8.o
                0x0000af64                g_sd0_var_p
                0x0000af68                g_sd1_var_p
                0x0000af6c                sd0_cmd_buf
                0x0000af84                sd1_cmd_buf
 *(.usb_buf)
 *(.common)
 .common        0x0000af9c      0x380 C:\Users\ADMINI~1.PCO\AppData\Local\Temp\lto-llvm-e930c8.o
                0x0000b040                set_sys_freq
                0x0000b13c                set_apc_clk
                0x0000b184                irq_common_handler
 *memcpy.o(.text .rodata*)
 *memset.o(.text .rodata*)
 *icache_hw.o(.text)
                0x0000b31c                _system_cfg_begin = .
 *(.system_cfg)
                0x0000b31c                _system_cfg_end = .
                0x0000b31c                __end_of_bank_overlay_0 = .
                0x00000400                RAM_BEGIN_ADDR = ORIGIN (ram0)
                0x0000b31c                RAM_END_ADDR = .
                0x0000af1c                ram_end = (. - ORIGIN (ram0))

.overlay1       0x0000bb00     0x6f24 load address 0x00100000
 *(.bt_sbc)
 .bt_sbc        0x0000bb00     0x3f22 C:\Users\ADMINI~1.PCO\AppData\Local\Temp\lto-llvm-e930c8.o
 *(.bt_sbc_dec)
 *fill*         0x0000fa22        0x2 
 .bt_sbc_dec    0x0000fa24     0x3000 C:\Users\ADMINI~1.PCO\AppData\Local\Temp\lto-llvm-e930c8.o
                0x0000fa24                sbc_decode_ram
 *(.music_sbc_dec)
                [!provide]                PROVIDE (__load_start_overlay1, LOADADDR (.overlay1))
                [!provide]                PROVIDE (__load_stop_overlay1, (LOADADDR (.overlay1) + SIZEOF (.overlay1)))

.overlay2       0x0000bb00     0x5d14 load address 0x00106f24
 *(.bt_aec)
 .bt_aec        0x0000bb00     0x5d14 C:\Users\ADMINI~1.PCO\AppData\Local\Temp\lto-llvm-e930c8.o
                0x0000bb00                AecBuf
                0x000110f0                repair_buf
                0x00011630                sync_out_buf
                [!provide]                PROVIDE (__load_start_overlay2, LOADADDR (.overlay2))
                [!provide]                PROVIDE (__load_stop_overlay2, (LOADADDR (.overlay2) + SIZEOF (.overlay2)))

.overlay3       0x0000bb00      0x210 load address 0x0010cc38
 *(.bt_updata)
 .bt_updata     0x0000bb00      0x210 C:\Users\ADMINI~1.PCO\AppData\Local\Temp\lto-llvm-e930c8.o
                [!provide]                PROVIDE (__load_start_overlay3, LOADADDR (.overlay3))
                [!provide]                PROVIDE (__load_stop_overlay3, (LOADADDR (.overlay3) + SIZEOF (.overlay3)))

.overlay4       0x0000bb00     0x6cfc load address 0x0010ce48
 *(.music_mem)
 .music_mem     0x0000bb00       0x50 C:\Users\ADMINI~1.PCO\AppData\Local\Temp\lto-llvm-e930c8.o
 *(.fs_fat)
 .fs_fat        0x0000bb50     0x1a74 C:\Users\ADMINI~1.PCO\AppData\Local\Temp\lto-llvm-e930c8.o
                0x0000bb50                g_fat_f
                0x0000c110                g_fat_fs
                0x0000c358                g_sector_buffer
 *(.fs_syd)
 .fs_syd        0x0000d5c4      0x238 C:\Users\ADMINI~1.PCO\AppData\Local\Temp\lto-llvm-e930c8.o
 *(.music_mp3_dec)
 .music_mp3_dec
                0x0000d7fc     0x5000 C:\Users\ADMINI~1.PCO\AppData\Local\Temp\lto-llvm-e930c8.o
                0x0000d7fc                music_decode_ram
                [!provide]                PROVIDE (__load_start_overlay4, LOADADDR (.overlay4))
                [!provide]                PROVIDE (__load_stop_overlay4, (LOADADDR (.overlay4) + SIZEOF (.overlay4)))

.rom_code_seg   0x00022800        0x0
                0x0001cfc4                esco_1to2_deal = 0x1cfc4
                0x0001cfc8                check_esco_handle = 0x1cfc8
                0x0001cfcc                check_rx_sniff = 0x1cfcc
                0x0001cfd0                memchr = 0x1cfd0
                0x0001cfd4                memcpy = 0x1cfd4
                0x0001cfd8                memmove = 0x1cfd8
                0x0001cfdc                memmem = 0x1cfdc
                0x0001cfe0                memset = 0x1cfe0
                0x0001cfe4                strcmp = 0x1cfe4
                0x0001cfe8                strcpy = 0x1cfe8
                0x0001cfec                strlen = 0x1cfec
                0x0001cff0                memcmp = 0x1cff0
                0x0001cff4                __ashldi3 = 0x1cff4
                0x0001cff8                __divdi3 = 0x1cff8
                0x0001cffc                __lshrdi3 = 0x1cffc
                0x0001d000                __udivdi3 = 0x1d000
                0x0001d004                __udivmoddi4 = 0x1d004
                0x0001d008                __umoddi3 = 0x1d008
                0x0001d00c                qlz_decompress2 = 0x1d00c
                0x0001d010                CPU_INT_DIS = 0x1d010
                0x0001d014                CPU_INT_EN = 0x1d014
                0x0001d018                BlueTooth_Calling_init = 0x1d018
                0x0001d01c                BlueTooth_Calling_run = 0x1d01c
                0x0001d020                BlueTooth_Calling_SetVariable = 0x1d020
                0x0001d024                BlueTooth_Calling_GetVariable = 0x1d024
                0x0001d028                BlueTooth_Calling_GetVariableList = 0x1d028
                0x0001d02c                BlueTooth_Calling_QueryBufSize = 0x1d02c
                0x0001d030                Speech_detection_QueryBufSize = 0x1d030
                0x0001d034                Speech_detection_init = 0x1d034
                0x0001d038                Speech_detection_classify = 0x1d038
                0x0001d03c                Speech_detection_InData = 0x1d03c
                0x0001d040                Speech_detection_GetData = 0x1d040
                0x0001d044                DAGC_QuaryBufSize = 0x1d044
                0x0001d048                DAGC_process = 0x1d048
                0x0001d04c                DAGC_init = 0x1d04c
                0x0001d050                get_repair_api = 0x1d050
                0x0001d054                get_syn_autolink_api = 0x1d054
                0x0001d058                get_sbcd_ops = 0x1d058
                0x0001d05c                get_sbcd_ops_engd = 0x1d05c
                0x0001d060                get_wt_ops = 0x1d060
                0x0001d064                cbuf_read = 0x1d064
                0x0001d068                cbuf_prewrite = 0x1d068
                0x0001d06c                cbuf_updata_prewrite = 0x1d06c
                0x0001d070                cbuf_discard_prewrite = 0x1d070
                0x0001d074                cbuf_write = 0x1d074
                0x0001d078                cbuf_is_write_able = 0x1d078
                0x0001d07c                cbuf_write_alloc = 0x1d07c
                0x0001d080                cbuf_write_updata = 0x1d080
                0x0001d084                cbuf_read_alloc = 0x1d084
                0x0001d088                cbuf_read_updata = 0x1d088
                0x0001d08c                cbuf_init = 0x1d08c
                0x0001d090                cbuf_clear = 0x1d090
                0x0001d094                cbuf_rewrite = 0x1d094
                0x0001d098                lbuf_info = 0x1d098
                0x0001d09c                lbuf_init = 0x1d09c
                0x0001d0a0                lbuf_state = 0x1d0a0
                0x0001d0a4                lbuf_realloc = 0x1d0a4
                0x0001d0a8                get_lbuf_len = 0x1d0a8
                0x0001d0ac                lbuf_empty = 0x1d0ac
                0x0001d0b0                lbuf_clear = 0x1d0b0
                0x0001d0b4                lbuf_push = 0x1d0b4
                0x0001d0b8                lbuf_have_next = 0x1d0b8
                0x0001d0bc                lbuf_pop = 0x1d0bc
                0x0001d0c0                lbuf_free = 0x1d0c0
                0x0001d0c4                __run_loop_register = 0x1d0c4
                0x0001d0c8                __run_loop_schedule = 0x1d0c8
                0x0001d0cc                __vsprintf_len = 0x1d0cc
                0x0001d0d0                __vsprintf = 0x1d0d0
                0x0001d0d4                printf = 0x1d0d4
                0x0001d0d8                sprintf = 0x1d0d8
                0x0001d0dc                abs = 0x1d0dc
                0x0001d0e0                get_sys_timer_head = 0x1d0e0
                0x0001d0e4                get_jiffies = 0x1d0e4
                0x0001d0e8                __timer_find = 0x1d0e8
                0x0001d0ec                __timer_insert = 0x1d0ec
                0x0001d0f0                sys_timer_register = 0x1d0f0
                0x0001d0f4                sys_timer_reset = 0x1d0f4
                0x0001d0f8                sys_timer_remove = 0x1d0f8
                0x0001d0fc                sys_timer_schedule = 0x1d0fc
                0x0001d100                loop_timer_schedule = 0x1d100
                0x0001d104                sys_timer_delay_handler_register = 0x1d104
                0x0001d108                sys_timer_init = 0x1d108
                0x0001d10c                sys_timer_set_user = 0x1d10c
                0x0001d110                sys_timer_get_user = 0x1d110
                0x0001d114                sys_timer_del_schedule = 0x1d114
                0x0001d118                sys_timer_var_init = 0x1d118
                0x0001d11c                mask_baseband_manager_struct_init = 0x1d11c
                0x0001d120                alloc_baseband_task = 0x1d120
                0x0001d124                free_baseband_task = 0x1d124
                0x0001d128                __task_add = 0x1d128
                0x0001d12c                __task_del = 0x1d12c
                0x0001d130                __task_for_type = 0x1d130
                0x0001d134                __task_for_link_handle = 0x1d134
                0x0001d138                __task_del_by_type = 0x1d138
                0x0001d13c                __baseband_event_handler = 0x1d13c
                0x0001d140                __baseband_rx_handler = 0x1d140
                0x0001d144                baseband_inquiry_scan_enable = 0x1d144
                0x0001d148                baseband_inquiry_scan_disable = 0x1d148
                0x0001d14c                baseband_page_scan_enable = 0x1d14c
                0x0001d150                baseband_page_scan_disable = 0x1d150
                0x0001d154                __inquiry_timeout = 0x1d154
                0x0001d158                baseband_inquiry_enable = 0x1d158
                0x0001d15c                baseband_inquiry_disable = 0x1d15c
                0x0001d160                bt_page_ing = 0x1d160
                0x0001d164                __page_timeout = 0x1d164
                0x0001d168                baseband_page_enable = 0x1d168
                0x0001d16c                baseband_page_disable = 0x1d16c
                0x0001d170                baseband_page_disable_for_addr = 0x1d170
                0x0001d174                close_conflict_task = 0x1d174
                0x0001d178                baseband_connection_enable = 0x1d178
                0x0001d17c                baseband_connection_disable = 0x1d17c
                0x0001d180                baseband_connection_suspend = 0x1d180
                0x0001d184                baseband_connection_qos = 0x1d184
                0x0001d188                __baseband_task_switch = 0x1d188
                0x0001d18c                baseband_task_switch = 0x1d18c
                0x0001d190                baseband_send_packet = 0x1d190
                0x0001d194                baseband_manager_reset = 0x1d194
                0x0001d198                baseband_event_handler_register = 0x1d198
                0x0001d19c                baseband_rx_handler_reigster = 0x1d19c
                0x0001d1a0                baseband_manager_init = 0x1d1a0
                0x0001d1a4                baseband_task_resume = 0x1d1a4
                0x0001d1a8                baseband_other_task_suspend = 0x1d1a8
                0x0001d1ac                baseband_other_task_resume = 0x1d1ac
                0x0001d1b0                baseband_other_task_switch = 0x1d1b0
                0x0001d1b4                only_close_edr_hardware = 0x1d1b4
                0x0001d1b8                is_lmp_link_conn_state = 0x1d1b8
                0x0001d1bc                baseband_reset_task_time = 0x1d1bc
                0x0001d1c0                baseband_set_task_time = 0x1d1c0
                0x0001d1c4                baseband_set_other_task_time = 0x1d1c4
                0x0001d1c8                mask_device_manager_struct_init = 0x1d1c8
                0x0001d1cc                __get_access_addr = 0x1d1cc
                0x0001d1d0                baseband_page_enable_sys_time = 0x1d1d0
                0x0001d1d4                baseband_page_disable_sys_timer = 0x1d1d4
                0x0001d1d8                baseband_inquiry_scan_enable_sys_time = 0x1d1d8
                0x0001d1dc                baseband_inquiry_scan_disable_sys_timer = 0x1d1dc
                0x0001d1e0                baseband_page_scan_enable_sys_time = 0x1d1e0
                0x0001d1e4                baseband_page_scan_disable_sys_timer = 0x1d1e4
                0x0001d1e8                lmp_write_scan_enable = 0x1d1e8
                0x0001d1ec                lmp_hci_create_connection = 0x1d1ec
                0x0001d1f0                __lmp_detach = 0x1d1f0
                0x0001d1f4                bdhw_event_inquiry_result = 0x1d1f4
                0x0001d1f8                device_page_scan_complete = 0x1d1f8
                0x0001d1fc                device_page_complete = 0x1d1fc
                0x0001d200                set_local_info = 0x1d200
                0x0001d204                _get_local_info = 0x1d204
                0x0001d208                device_variable_init = 0x1d208
                0x0001d20c                mask_lmp_hci_struct_init = 0x1d20c
                0x0001d210                hci_send_event = 0x1d210
                0x0001d214                hci_send_event_cmd_complete = 0x1d214
                0x0001d218                hci_send_event_cmd_status = 0x1d218
                0x0001d21c                check_hci_list_empty = 0x1d21c
                0x0001d220                __hci_loop_handler = 0x1d220
                0x0001d224                hci_rx_handler = 0x1d224
                0x0001d228                hci_bottom_download = 0x1d228
                0x0001d22c                hci_cmd_process = 0x1d22c
                0x0001d230                bd_hci_firmware_init = 0x1d230
                0x0001d234                mask_lmp_struct_init = 0x1d234
                0x0001d238                lmp_next_tx_state = 0x1d238
                0x0001d23c                lmp_wait_machine = 0x1d23c
                0x0001d240                lmp_set_tx_state = 0x1d240
                0x0001d244                lmp_init_req_step = 0x1d244
                0x0001d248                lmp_scan_enable = 0x1d248
                0x0001d24c                lmp_create_conn = 0x1d24c
                0x0001d250                check_lmp_connection_for_exit = 0x1d250
                0x0001d254                lmp_connection_for_sniff = 0x1d254
                0x0001d258                lmp_can_in_poweroff = 0x1d258
                0x0001d25c                lmp_conn_free = 0x1d25c
                0x0001d260                lmp_connection_esco_open = 0x1d260
                0x0001d264                update_max_slot_value = 0x1d264
                0x0001d268                lmp_connection_ctl_slot = 0x1d268
                0x0001d26c                lmp_connection_for_addr = 0x1d26c
                0x0001d270                lmp_connection_for_handle = 0x1d270
                0x0001d274                lmp_connection_for_esco_handle = 0x1d274
                0x0001d278                lmp_creart_handle = 0x1d278
                0x0001d27c                lmp_creart_lt_addr = 0x1d27c
                0x0001d280                lmp_conn_for_baseband = 0x1d280
                0x0001d284                lmp_conn_for_link = 0x1d284
                0x0001d288                lmp_sys_timer_remove = 0x1d288
                0x0001d28c                lmp_slot_timer_remove = 0x1d28c
                0x0001d290                __format_packet = 0x1d290
                0x0001d294                lmp_response = 0x1d294
                0x0001d298                lmp_request = 0x1d298
                0x0001d29c                get_master_slot_clk = 0x1d29c
                0x0001d2a0                parse_esco_packet_type = 0x1d2a0
                0x0001d2a4                lmp_esco_retransmit_timeout = 0x1d2a4
                0x0001d2a8                lmp_esco_timeout = 0x1d2a8
                0x0001d2ac                lmp_esco_set_time_align = 0x1d2ac
                0x0001d2b0                lmp_rx_esco_link_req = 0x1d2b0
                0x0001d2b4                lmp_esco_write_reg = 0x1d2b4
                0x0001d2b8                lmp_esco_write_reg_sys_time = 0x1d2b8
                0x0001d2bc                lmp_rx_remove_sco_link = 0x1d2bc
                0x0001d2c0                lmp_setup_SCO_connection = 0x1d2c0
                0x0001d2c4                lmp_accept_SCO_connection_request = 0x1d2c4
                0x0001d2c8                lmp_disconnect_remove_esco = 0x1d2c8
                0x0001d2cc                lmp_send_aclu_en = 0x1d2cc
                0x0001d2d0                lmp_ptt_restart_send_aclu = 0x1d2d0
                0x0001d2d4                __lmp_enable_afh = 0x1d2d4
                0x0001d2d8                __lmp_timeout_enable_afh = 0x1d2d8
                0x0001d2dc                lmp_remove_afh_timeout = 0x1d2dc
                0x0001d2e0                lmp_start_set_afh_reg = 0x1d2e0
                0x0001d2e4                lmp_set_afh_req = 0x1d2e4
                0x0001d2e8                lmp_master_first_init_afh = 0x1d2e8
                0x0001d2ec                lmp_start_set_afh = 0x1d2ec
                0x0001d2f0                lmp_record_err_fre = 0x1d2f0
                0x0001d2f4                lmp_rx_set_afh = 0x1d2f4
                0x0001d2f8                lmp_sniff_set_afh = 0x1d2f8
                0x0001d2fc                __do_lmp_detach = 0x1d2fc
                0x0001d300                __lmp_supervision_timeout = 0x1d300
                0x0001d304                lmp_set_supervision_timeout = 0x1d304
                0x0001d308                lmp_rx_supervision_timeout = 0x1d308
                0x0001d30c                __sniff_in_poweroff = 0x1d30c
                0x0001d310                __sniff_poweroff_probe = 0x1d310
                0x0001d314                __sniff_wakeup = 0x1d314
                0x0001d318                lmp_connection_sniif_clean_wakecnt = 0x1d318
                0x0001d31c                lmp_sniff_probe = 0x1d31c
                0x0001d320                lmp_check_can_in_sniff = 0x1d320
                0x0001d324                lmp_two_connect_rx_sniff_en = 0x1d324
                0x0001d328                lmp_set_unsniff_req = 0x1d328
                0x0001d32c                lmp_set_unsniff_pro = 0x1d32c
                0x0001d330                lmp_rx_sniff_req_deal = 0x1d330
                0x0001d334                lmp_rx_sniff_req = 0x1d334
                0x0001d338                lmp_get_sniff = 0x1d338
                0x0001d33c                lmp_wait_phone_usniff = 0x1d33c
                0x0001d340                tx_sniff_req = 0x1d340
                0x0001d344                lmp_sniff_super_timeout = 0x1d344
                0x0001d348                lmp_set_all_accept_unsniff = 0x1d348
                0x0001d34c                lmp_all_in_sniff = 0x1d34c
                0x0001d350                lmp_all_exit_sniff = 0x1d350
                0x0001d354                lmp_is_have_in_sniff = 0x1d354
                0x0001d358                hci_remote_name_req = 0x1d358
                0x0001d35c                hci_set_supervision_timeout_req = 0x1d35c
                0x0001d360                __send_acl_packet_post = 0x1d360
                0x0001d364                __send_sco_packet_post = 0x1d364
                0x0001d368                lmp_send_acl_packet = 0x1d368
                0x0001d36c                lmp_send_sco_packet = 0x1d36c
                0x0001d370                lmp_rx_handler_register = 0x1d370
                0x0001d374                lmp_esco_wait_conn_role_switch_comp = 0x1d374
                0x0001d378                check_esco_write_reg = 0x1d378
                0x0001d37c                check_fun_state = 0x1d37c
                0x0001d380                tell_lmp_change_workmode_flag = 0x1d380
                0x0001d384                lmp_rx_handler_post = 0x1d384
                0x0001d388                __lmp_loop_handler = 0x1d388
                0x0001d38c                lmp_rx_handler_probe = 0x1d38c
                0x0001d390                lmp_connection_init = 0x1d390
                0x0001d394                lmp_init = 0x1d394
                0x0001d398                lmp_init_dut = 0x1d398
                0x0001d39c                lmp_tx_features_req = 0x1d39c
                0x0001d3a0                lmp_tx_version_req = 0x1d3a0
                0x0001d3a4                lmp_tx_features_req_ext = 0x1d3a4
                0x0001d3a8                lmp_tx_connection_req = 0x1d3a8
                0x0001d3ac                lmp_tx_encryption_mode_req = 0x1d3ac
                0x0001d3b0                lmp_tx_encryption_key_size_req = 0x1d3b0
                0x0001d3b4                lmp_tx_start_encryption_req = 0x1d3b4
                0x0001d3b8                lmp_tx_pause_encryption_req = 0x1d3b8
                0x0001d3bc                lmp_tx_stop_encryption_req = 0x1d3bc
                0x0001d3c0                lmp_tx_role_switch_req = 0x1d3c0
                0x0001d3c4                lmp_tx_supervision_timeout = 0x1d3c4
                0x0001d3c8                lmp_tx_qos_req = 0x1d3c8
                0x0001d3cc                lmp_tx_timing_accuracy_req = 0x1d3cc
                0x0001d3d0                lmp_tx_packet_type_table_req = 0x1d3d0
                0x0001d3d4                lmp_rx_esco_handler = 0x1d3d4
                0x0001d3d8                lmp_tx_max_slot = 0x1d3d8
                0x0001d3dc                lmp_tx_in_rand = 0x1d3dc
                0x0001d3e0                lmp_tx_comb_key = 0x1d3e0
                0x0001d3e4                lmp_tx_au_rand = 0x1d3e4
                0x0001d3e8                lmp_setup_complete = 0x1d3e8
                0x0001d3ec                lmp_tx_setup_complete = 0x1d3ec
                0x0001d3f0                lmp_tx_max_slot_req = 0x1d3f0
                0x0001d3f4                lmp_tx_auto_rate = 0x1d3f4
                0x0001d3f8                lmp_tx_stereo_device = 0x1d3f8
                0x0001d3fc                lmp_tx_hci_event_link_key_request = 0x1d3fc
                0x0001d400                hci_switch_role = 0x1d400
                0x0001d404                __calc_and_send_comb_key = 0x1d404
                0x0001d408                __calc_and_send_sres = 0x1d408
                0x0001d40c                __lmp_in_rand_res = 0x1d40c
                0x0001d410                __stop_encryption = 0x1d410
                0x0001d414                __lmp_enable_rx_encrypt = 0x1d414
                0x0001d418                __initiate_encryption = 0x1d418
                0x0001d41c                lmp_initiate_encryption = 0x1d41c
                0x0001d420                __role_switch_completed = 0x1d420
                0x0001d424                __role_switch_post = 0x1d424
                0x0001d428                __role_switch_wakeup = 0x1d428
                0x0001d42c                __role_switch_probe = 0x1d42c
                0x0001d430                lmp_get_roleswitch_offset = 0x1d430
                0x0001d434                lmp_master_tx_role_switch_req = 0x1d434
                0x0001d438                lmp_retry_role_switch = 0x1d438
                0x0001d43c                hci_accept_sync_connection_request = 0x1d43c
                0x0001d440                lmp_io_capability_res = 0x1d440
                0x0001d444                hci_io_capability_req_reply = 0x1d444
                0x0001d448                master_first_dhkey_check = 0x1d448
                0x0001d44c                lmp_tx_machine = 0x1d44c
                0x0001d450                lmp_master_init = 0x1d450
                0x0001d454                lmp_slave_init = 0x1d454
                0x0001d458                lmp_slave_run_loop = 0x1d458
                0x0001d45c                lmp_master_handler = 0x1d45c
                0x0001d460                lmp_slave_handler = 0x1d460
                0x0001d464                dut_config_test_mode = 0x1d464
                0x0001d468                test_control_set = 0x1d468
                0x0001d46c                db_open = 0x1d46c
                0x0001d470                db_close = 0x1d470
                0x0001d474                get_database = 0x1d474
                0x0001d478                put_database = 0x1d478
                0x0001d47c                delete_database = 0x1d47c
                0x0001d480                get_link_key = 0x1d480
                0x0001d484                put_link_key = 0x1d484
                0x0001d488                delete_link_key = 0x1d488
                0x0001d48c                get_last_N_database = 0x1d48c
                0x0001d490                get_last_database = 0x1d490
                0x0001d494                get_sr_mode = 0x1d494
                0x0001d498                hci_remote_device_db_memory_opt = 0x1d498
                0x0001d49c                remote_device_db_init_opt = 0x1d49c
                0x0001d4a0                restore_remote_device_info_opt = 0x1d4a0
                0x0001d4a4                is_res_manage_empty = 0x1d4a4
                0x0001d4a8                get_resource_addr = 0x1d4a8
                0x0001d4ac                mutex_find_resource_via_prio = 0x1d4ac
                0x0001d4b0                mutex_find_resource_highest_prio = 0x1d4b0
                0x0001d4b4                mutex_find_resource = 0x1d4b4
                0x0001d4b8                mutex_resource_apply = 0x1d4b8
                0x0001d4bc                mutex_resource_release = 0x1d4bc
                0x0001d4c0                resource_manage_schedule = 0x1d4c0
                0x0001d4c4                resource_manage_init = 0x1d4c4
                0x0001d4c8                codec_alaw = 0x1d4c8
                0x0001d4cc                codec_ulaw = 0x1d4cc
                0x0001d4d0                codec_cvsd = 0x1d4d0
                0x0001d4d4                register_user_deal_hfp_status_handle = 0x1d4d4
                0x0001d4d8                profile_channels_status_handle_register = 0x1d4d8
                0x0001d4dc                a2dp_connection = 0x1d4dc
                0x0001d4e0                is_spp_connected = 0x1d4e0
                0x0001d4e4                get_remote_test_flag = 0x1d4e4
                0x0001d4e8                btstack_memory_init = 0x1d4e8
                0x0001d4ec                hci_transport_h4_instance = 0x1d4ec
                0x0001d4f0                bt_control_bk_instance = 0x1d4f0
                0x0001d4f4                hci_uart_config_bk_instance = 0x1d4f4
                0x0001d4f8                hci_init = 0x1d4f8
                0x0001d4fc                l2cap_init = 0x1d4fc
                0x0001d500                l2cap_register_packet_handler = 0x1d500
                0x0001d504                rfcomm_init = 0x1d504
                0x0001d508                rfcomm_register_packet_handler = 0x1d508
                0x0001d50c                rfcomm_register_service_internal = 0x1d50c
                0x0001d510                hid_init = 0x1d510
                0x0001d514                hci_power_control = 0x1d514
                0x0001d518                app_rfcomm_packet_handler = 0x1d518
                0x0001d51c                user_interface_handler_init = 0x1d51c
                0x0001d520                user_interface_config_init = 0x1d520
                0x0001d524                bt_mask_cb_init = 0x1d524
                0x0001d528                __set_user_ctrl_conn_num = 0x1d528
                0x0001d52c                cfg_test_box_and_work_mode = 0x1d52c
                0x0001d530                cfg_ble_work_mode = 0x1d530
                0x0001d534                __set_ble_bredr_mode = 0x1d534
                0x0001d538                __bt_set_sniff = 0x1d538
                0x0001d53c                __bt_set_update_battery_time = 0x1d53c
                0x0001d540                __bt_set_a2dp_auto_play_flag = 0x1d540
                0x0001d544                __set_simple_pair_flag = 0x1d544
                0x0001d548                __set_sbc_cap_bitpool = 0x1d548
                0x0001d54c                __set_auto_conn_device_num = 0x1d54c
                0x0001d550                __set_page_timeout_value = 0x1d550
                0x0001d554                __set_super_timeout_value = 0x1d554
                0x0001d558                __set_connect_scan_timeout_value = 0x1d558
                0x0001d55c                __set_music_break_in_flag = 0x1d55c
                0x0001d560                __set_device_role = 0x1d560
                0x0001d564                infor_2_user_handle_register = 0x1d564
                0x0001d568                discon_complete_handle_register = 0x1d568
                0x0001d56c                music_vol_change_handle_register = 0x1d56c
                0x0001d570                stack_send_infor_2_user = 0x1d570
                0x0001d574                hci_send_cmd = 0x1d574
                0x0001d578                hci_connectable_control = 0x1d578
                0x0001d57c                hci_discoverable_control = 0x1d57c
                0x0001d580                avctp_hook_a2dp_connection_changed = 0x1d580
                0x0001d584                avctp_try_send = 0x1d584
                0x0001d588                user_hfp_speak_gain_control = 0x1d588
                0x0001d58c                hfp_phone_control = 0x1d58c
                0x0001d590                sco_connection_setup_dis = 0x1d590
                0x0001d594                hfp_send_dial_cmd = 0x1d594
                0x0001d598                send_battery_level = 0x1d598
                0x0001d59c                hfp_three_way_call_op = 0x1d59c
                0x0001d5a0                hfp_send_DTMF_tone = 0x1d5a0
                0x0001d5a4                sdp_master_channel_disconnect = 0x1d5a4
                0x0001d5a8                hci_set_sniff_mode = 0x1d5a8
                0x0001d5ac                hid_connect = 0x1d5ac
                0x0001d5b0                hid_ios_shutter = 0x1d5b0
                0x0001d5b4                hid_disconnect = 0x1d5b4
                0x0001d5b8                spp_data_try_send = 0x1d5b8
                0x0001d5bc                bt_updata_save_spp_info = 0x1d5bc
                0x0001d5c0                a2dp_disconnect = 0x1d5c0
                0x0001d5c4                spp_disconnect_channel = 0x1d5c4
                0x0001d5c8                is_hfp_connect_finish = 0x1d5c8
                0x0001d5cc                launch_initiative_connection = 0x1d5cc
                0x0001d5d0                bt_flip_addr = 0x1d5d0
                0x0001d5d4                connection_for_handle = 0x1d5d4
                0x0001d5d8                register_handle_printf_putchar = 0x1d5d8
                0x0001d5dc                register_handle_assert = 0x1d5dc
                0x0001d5e0                hci_get_current_mode = 0x1d5e0
                0x0001d5e4                avrcp_get_status = 0x1d5e4
                0x0001d5e8                spp_data_deal_handle_register = 0x1d5e8
                0x0001d5ec                lmp_hci_disconnect = 0x1d5ec
                0x0001d5f0                mask_sdp_init = 0x1d5f0
                0x0001d5f4                mask_sdp_master_init = 0x1d5f4
                0x0001d5f8                sdp_parse_service_search_attribute_response = 0x1d5f8
                0x0001d5fc                sdp_send_service_search_attribute_request = 0x1d5fc
                0x0001d600                sdp_register_service_internal = 0x1d600
                0x0001d604                l2cap_get_remote_mtu_for_local_cid = 0x1d604
                0x0001d608                sdp_handle_service_search_request = 0x1d608
                0x0001d60c                sdp_handle_service_attribute_request = 0x1d60c
                0x0001d610                sdp_create_error_response = 0x1d610
                0x0001d614                sdp_try_respond = 0x1d614
                0x0001d618                l2cap_accept_connection_internal = 0x1d618
                0x0001d61c                l2cap_register_service_internal = 0x1d61c
                0x0001d620                is_support_vol_sync = 0x1d620
                0x0001d624                sdp_handle_service_search_attribute_request = 0x1d624
                0x0001d628                l2cap_get_btaddr_via_local_cid = 0x1d628
                0x0001d62c                rfcomm_create_channel_internal = 0x1d62c
                0x0001d630                l2cap_disconnect_internal = 0x1d630
                0x0001d634                l2cap_decline_connection_internal = 0x1d634
                0x0001d638                de_create_sequence = 0x1d638
                0x0001d63c                de_add_number = 0x1d63c
                0x0001d640                de_push_sequence = 0x1d640
                0x0001d644                de_add_data = 0x1d644
                0x0001d648                de_pop_sequence = 0x1d648
                0x0001d64c                __a2dp_conn_for_channel = 0x1d64c
                0x0001d650                __a2dp_media_code_busy_flag = 0x1d650
                0x0001d654                a2dp_media_packet = 0x1d654
                0x0001d658                a2dp_incoming_connection = 0x1d658
                0x0001d65c                a2dp_channel_open_success = 0x1d65c
                0x0001d660                a2dp_channel_open_faild = 0x1d660
                0x0001d664                a2dp_event_credits = 0x1d664
                0x0001d668                a2dp_channel_close = 0x1d668
                0x0001d66c                __sink_media_close = 0x1d66c
                0x0001d670                mask_a2dp_init = 0x1d670
                0x0001d674                find_a2dp_conn_number = 0x1d674
                0x0001d678                mask_avctp_init = 0x1d678
                0x0001d67c                avctp_packet_data_handle = 0x1d67c
                0x0001d680                avctp_channel_open = 0x1d680
                0x0001d684                __free_avctp_conn = 0x1d684
                0x0001d688                __avctp_conn_for_channel = 0x1d688
                0x0001d68c                avctp_incoming_connection = 0x1d68c
                0x0001d690                avctp_cmd_try_send = 0x1d690
                0x0001d694                avctp_conn_init = 0x1d694
                0x0001d698                avctp_send_key_loop = 0x1d698
                0x0001d69c                avdtp_discover_response = 0x1d69c
                0x0001d6a0                avdtp_get_capabilities_response = 0x1d6a0
                0x0001d6a4                avdtp_set_configuation_response = 0x1d6a4
                0x0001d6a8                avdtp_open_response = 0x1d6a8
                0x0001d6ac                avdtp_start_response = 0x1d6ac
                0x0001d6b0                avdtp_suspend_response = 0x1d6b0
                0x0001d6b4                finalize_discovery = 0x1d6b4
                0x0001d6b8                avdtp_parse_data = 0x1d6b8
                0x0001d6bc                avdtp_parse_cmd = 0x1d6bc
                0x0001d6c0                mask_hfp_profile_init = 0x1d6c0
                0x0001d6c4                hfp_incoming_connection = 0x1d6c4
                0x0001d6c8                hfp_channel_open = 0x1d6c8
                0x0001d6cc                __free_hfp_conn = 0x1d6cc
                0x0001d6d0                hfp_event_credits = 0x1d6d0
                0x0001d6d4                __hfp_conn_for_channel = 0x1d6d4
                0x0001d6d8                hfp_parse_rfcomm_data = 0x1d6d8
                0x0001d6dc                hfp_init_process = 0x1d6dc
                0x0001d6e0                mask_spp_handl_init = 0x1d6e0
                0x0001d6e4                spp_incoming_connection = 0x1d6e4
                0x0001d6e8                __free_spp_conn = 0x1d6e8
                0x0001d6ec                spp_come_data_deal = 0x1d6ec
                0x0001d6f0                spp_channel_open = 0x1d6f0
                0x0001d6f4                mask_bt_audio_init = 0x1d6f4
                0x0001d6f8                linked_list_remove = 0x1d6f8
                0x0001d6fc                linked_list_add = 0x1d6fc
                0x0001d700                bt_fast_test_handle_register = 0x1d700
                0x0001d704                sco_connection_setup = 0x1d704
                0x0001d708                sco_connection_disconnect = 0x1d708
                0x0001d70c                lbuf_alloc = 0x1d70c
                0x0001d710                __set_hfp_switch = 0x1d710
                0x0001d714                lmp_tx_detch = 0x1d714
                0x0001d718                sbc_dec_querybufsize_only_engd = 0x1d718
                0x0001d71c                sbc_dec_init_only_engd = 0x1d71c
                0x0001d720                sbc_dec_loop_d_only_engd = 0x1d720
                0x0001d724                sbc_do_some_analyse = 0x1d724
                0x0001d728                __change_hci_class_type = 0x1d728
                0x0001d72c                __set_auto_pause_flag = 0x1d72c
                0x0001d730                sbc_decode_get_cbuf = 0x1d730
                0x0001d734                function_E1 = 0x1d734
                0x0001d738                function_E21 = 0x1d738
                0x0001d73c                function_E22 = 0x1d73c
                0x0001d740                function_E3 = 0x1d740
                0x0001d744                f1_function = 0x1d744
                0x0001d748                f2_function = 0x1d748
                0x0001d74c                f3_function = 0x1d74c
                0x0001d750                __create_a2dp_conn = 0x1d750
                0x0001d754                __free_a2dp_conn = 0x1d754
                0x0001d758                __close_channel = 0x1d758
                0x0001d75c                __a2dp_conn_for_addr = 0x1d75c
                0x0001d760                get_a2dp_stack = 0x1d760
                0x0001d764                sbc_stop_resource = 0x1d764
                0x0001d768                sbc_init_resource = 0x1d768
                0x0001d76c                __avctp_conn_for_addr = 0x1d76c
                0x0001d770                __create_avctp_conn = 0x1d770
                0x0001d774                a2dp_connected_timeout_handler = 0x1d774
                0x0001d778                set_avctp_channel = 0x1d778
                0x0001d77c                __hfp_conn_for_addr = 0x1d77c
                0x0001d780                __hfp_conn_for_rfcomm_id = 0x1d780
                0x0001d784                atcmd_try_send = 0x1d784
                0x0001d788                a2dp_send_cmd = 0x1d788
                0x0001d78c                device_manager_event_handler = 0x1d78c
                0x0001d790                open_remote_db_file_opt = 0x1d790
                0x0001d794                maskrom_btstack_cmd_deal = 0x1d794
                0x0001d798                spp_packet_handler = 0x1d798
                0x0001d79c                hfp_packet_handler = 0x1d79c
                0x0001d7a0                avctp_packet_handler = 0x1d7a0
                0x0001d7a4                a2dp_packet_handler = 0x1d7a4
                0x0001d7a8                __set_esco_packet_type = 0x1d7a8
                0x0001d7ac                sdp_create_hid_service = 0x1d7ac
                0x0001d7b0                sdp_create_spp_service = 0x1d7b0
                0x0001d7b4                sdp_create_hfp_service = 0x1d7b4
                0x0001d7b8                sdp_create_avctp_tg_service = 0x1d7b8
                0x0001d7bc                sdp_create_avctp_ct_service = 0x1d7bc
                0x0001d7c0                sdp_create_a2dp_service = 0x1d7c0
                0x0001d7c4                get_esco_codec_ptr = 0x1d7c4
                0x0001d7c8                get_esco_codec_var = 0x1d7c8
                0x0001d7cc                set_bt_esco_codec = 0x1d7cc
                0x0001d7d0                esco_codec_encode = 0x1d7d0
                0x0001d7d4                esco_codec_decode = 0x1d7d4
                0x0001d7d8                esco_codec_stop = 0x1d7d8
                0x0001d7dc                esco_codec_init = 0x1d7dc
                0x0001d7e0                hid_android_shutter = 0x1d7e0
                0x0001d7e4                hid_both_key = 0x1d7e4
                0x0001d7e8                lmp_tx_sniff_req = 0x1d7e8
                0x0001d7ec                lmp_tx_unsniff_req = 0x1d7ec
                0x0001d7f0                check_support_inband_ringtone = 0x1d7f0
                0x0001d7f4                check_support_feature_ag = 0x1d7f4
                0x0001d7f8                get_second_call_status = 0x1d7f8
                0x0001d7fc                lmp_tx_power_req = 0x1d7fc
                0x00012b00                . = ORIGIN (stack_ram)

.stack_data     0x00012b00     0x1400
                0x00012b00                STACK_START = .
 *(.stack)
 .stack         0x00012b00     0x1400 ../include_lib/periphy_lib.a(startup.o)
                0x00013ee0                _stack_usp
                0x00013f00                _stack_ssp
                0x00013f00                STACK_END = .
                0x01000000                . = ORIGIN (code0)

.text           0x01000000    0x21234
 *startup.o(.text)
 .text          0x01000000       0x60 ../include_lib/periphy_lib.a(startup.o)
                0x01000000                _start
 *(.const_tab)
 *(.ver_magic)
 *(.version)
 .version       0x01000060       0x14 obj\Release\apps\cpu\ac691x\version.o
 *(.text* .rodata*)
 .text          0x01000074    0x1a294 C:\Users\ADMINI~1.PCO\AppData\Local\Temp\lto-llvm-e930c8.o
                0x01001ff8                stack_detect_init
                0x01001ffa                bank_switch
                0x01004948                board_main
                0x010064b8                task_run
                0x010065c4                app_irq_init
 .rodata.str1.1
                0x0101a308     0x1bd5 C:\Users\ADMINI~1.PCO\AppData\Local\Temp\lto-llvm-e930c8.o
                               0x1bfa (size before relaxing)
 *fill*         0x0101bedd        0x3 
 .rodata        0x0101bee0     0x41bc C:\Users\ADMINI~1.PCO\AppData\Local\Temp\lto-llvm-e930c8.o
 .rodata.cst32  0x0102009c       0xe0 C:\Users\ADMINI~1.PCO\AppData\Local\Temp\lto-llvm-e930c8.o
 .rodata.cst4   0x0102017c        0x8 C:\Users\ADMINI~1.PCO\AppData\Local\Temp\lto-llvm-e930c8.o
 .rodata.cst16  0x01020184       0x30 C:\Users\ADMINI~1.PCO\AppData\Local\Temp\lto-llvm-e930c8.o
 .rodata.str4.4
                0x010201b4      0x100 C:\Users\ADMINI~1.PCO\AppData\Local\Temp\lto-llvm-e930c8.o
 .text          0x010202b4        0x0 obj\Release\apps\cpu\ac691x\version.o
 .text          0x010202b4       0x90 ../include_lib/dec/mp3_dec_lib.a(mp3_asm_subfun.o)
                0x010202b4                III_freqinver_asm
                0x010202ca                III_overlap_asm
                0x010202f6                imdct36_sub_asm
                0x01020344                _LOAD_CACHE_START = .
                0x01020344                _VM_CODE_START = .
 *(.vm)
 .vm            0x01020344      0x780 C:\Users\ADMINI~1.PCO\AppData\Local\Temp\lto-llvm-e930c8.o
                0x010203cc                spiflash_continuous_read_mode_reset
                0x01020478                spiflash_send_addr
                0x010204e8                spiflash_write_without_wait
                0x0102054c                spiflash_read_sr1
                0x01020568                spiflash_wait_ok
                0x01020590                spiflash_eraser_suspend
                0x01020628                spiflash_recover_continuous_read_mode
                0x010206d0                spiflash_eraser_resume
                0x010206e4                spiflash_write
                0x01020810                spiflash_eraser
                0x01020946                get_vm_statu
                0x01020954                vm_bytecmp
                0x010209cc                vm_delay
                0x01020a04                spiflash_read_sr2
                0x01020a22                spiflash_send_write_enable
                0x01020ac4                _VM_CODE_END = .
                0x01020ac4                _LOAD_CACHE_END = .
                0x01020ac4                . = ALIGN (0x4)
                0x01020ac4                lmp_hci_handler_begin = .
 *(.lmp_hci_handler)
                0x01020ac4                lmp_hci_handler_end = .
                0x01020ac4                a2dp_sink_media_probe_begin = .
 *(.a2dp_sink_media_probe)
                0x01020ac4                a2dp_sink_media_probe_end = .
                0x01020ac4                a2dp_sink_media_codec_begin = .
 *(.a2dp_sink_media_codec)
                0x01020ac4                a2dp_sink_media_codec_end = .
                0x01020ac4                a2dp_source_media_codec_begin = .
 *(.a2dp_source_media_codec)
                0x01020ac4                a2dp_source_media_codec_end = .
                0x01020ac4                a2dp_event_handler_begin = .
 *(.a2dp_event_handler)
                0x01020ac4                a2dp_event_handler_end = .
                0x01020ac4                clock_switcher_begin = .
 *(.clock_switch.fun)
                0x01020ac4                clock_switcher_end = .
                0x01020ac4                bt_sleep_begin = .
 *(.bt_sleep)
 .bt_sleep      0x01020ac4        0xc C:\Users\ADMINI~1.PCO\AppData\Local\Temp\lto-llvm-e930c8.o
                0x01020ac4                bt_suspend_user_cmd_loop_resumeuser_cmd_loop_release
                0x01020ad0                bt_sleep_end = .
                0x01020ad0                . = ((. + 0x3) & 0xfffffffc)
                0x01020ad0                _sys_initcall_begin = .
 *(.sys.initcall)
 .sys.initcall  0x01020ad0        0x4 C:\Users\ADMINI~1.PCO\AppData\Local\Temp\lto-llvm-e930c8.o
                0x01020ad0                __initcall_fs_init_all
                0x01020ad4                _sys_initcall_end = .
 *(.ble)
 *(.bredr)
 *(.bt_power)
 *(.poweroff_flash)
 .poweroff_flash
                0x01020ad4        0x4 C:\Users\ADMINI~1.PCO\AppData\Local\Temp\lto-llvm-e930c8.o
                0x01020ad4                IS_POWEROFF
                0x01020ad8                ble_text_begin = .
 *(.ble_irq_text)
                0x01020ad8                ble_text_end = .
                0x01020ad8                bredr_text_begin = .
 *(.bredr_irq_text)
 .bredr_irq_text
                0x01020ad8       0xa8 C:\Users\ADMINI~1.PCO\AppData\Local\Temp\lto-llvm-e930c8.o
                0x01020b80                bredr_text_end = .
 *(.sys_cfg)
                0x01020b80                poweroff_text_begin = .
 *(.poweroff_text)
 .poweroff_text
                0x01020b80      0x6b4 C:\Users\ADMINI~1.PCO\AppData\Local\Temp\lto-llvm-e930c8.o
                0x01020b80                radio_set_eninv_odd_open
                0x01020ba8                radio_set_eninv_even_open
                0x01020bd0                radio_set_eninv
                0x01020c28                irq_read
                0x01020c40                irq_disable
                0x01020c68                irq_enable
                0x01020c86                irq_index_to_prio
                0x01020d56                irq_handler_register
                0x01020da6                irq_handler_unregister
                0x01020dd6                irq_set_pending
                0x01020dfc                irq_global_enable
                0x01020e04                irq_init
                0x01020e24                irq_index_tab_reg
                0x01020e34                bd_freq_table_init
                0x01020e7c                slot_timer_init
                0x01020ea0                irq_global_disable
                0x01020ea8                irq_clear_all_ie
                0x01020eb0                radio_set_eninv_open
                0x01020f0c                slot_timer_register_init
                0x01020ff0                slot_timer_register
                0x01021058                check_slot_timer_handler
                0x010210d4                bt_power_wakeup_irq_handle
                0x01021170                slot_timer_remove
                0x010211f0                rf_reset_dual_mode
                0x01021220                error_isr_handler
                0x0102122c                irq_sys_disable
                0x01021230                irq_sys_enable
                0x01021234                poweroff_text_end = .
 *(.qlz_init)
 *(.qlz_sco)
 *(.qlz_a2dp)
 *(.qlz_comm)
                0x01021234                text_end = .

.audio_text     0x01021234      0x4a0
 .audio_text    0x01021234      0x4a0 C:\Users\ADMINI~1.PCO\AppData\Local\Temp\lto-llvm-e930c8.o
                0x0102123c                get_dac_cbuf_len
                0x01021248                dac_cbuf_enough
                0x01021260                dac_different_output
                0x01021292                dac_digit_energy_value
                0x010212f0                dac_hp_toggle
                0x01021304                dac_read
                0x0102134c                digital_vol_ctrl
                0x010213cc                eq_run_api
                0x01021430                eq_run
                0x01021432                dac_isr_cb
                0x0102153c                digital_vol_ext
                0x0102158c                is_dac_mute
                0x01021604                dac_digital_lr_add
                0x01021628                dac_digital_lr_sub
                0x0102164c                irq_audio_isr
                0x01021694                digital_vol_tab

.version
 *(.ver_magic_start)
 *(.version)
 *(.ver_magic_end)
                0x01ffff80                jump_addr_base = ((ORIGIN (code0) + LENGTH (code0)) - 0x80)
                0x01ffff70                pwr_info_base = ((ORIGIN (code0) + LENGTH (code0)) - 0x90)
                0x01ffff20                low_pwr_base = ((ORIGIN (code0) + LENGTH (code0)) - 0xe0)
                0x01000000                code_begin_addr = ORIGIN (code0)
                0x00021234                text_size = SIZEOF (.text)
                0x0000a730                data_addr = ADDR (.data)
                0x01021234                data_begin = text_end
                0x00000bec                data_size = SIZEOF (.data)
                0x00000200                bss_begin = 0x200
                0x0000a524                bss_size = (SIZEOF (.bss) + 0x200)
                0x01000000                decompressed_dict_begin = ORIGIN (code0)
START GROUP
LOAD ../include_lib/bluetooth_lib.a
LOAD ../include_lib/rtc_lib.a
LOAD ../include_lib/power_manage_lib.a
LOAD ../include_lib/periphy_lib.a
LOAD ../include_lib/aec_lib.a
LOAD ../include_lib/audio_lib.a
LOAD ../include_lib/dev_mg_lib.a
LOAD ../include_lib/fs_lib.a
LOAD ../include_lib/sdmmc_lib.a
LOAD ../include_lib/usb_lib.a
LOAD ../include_lib/flash_lib.a
LOAD ../include_lib/dec/mp3_dec_lib.a
LOAD ../include_lib/dec/wav_dec_lib.a
END GROUP
OUTPUT(download\ac691x\post_build\flash\ac691x.exe elf32-pi32)

.debug_str      0x00000000     0x241c
 .debug_str     0x00000000     0x241c C:\Users\ADMINI~1.PCO\AppData\Local\Temp\lto-llvm-e930c8.o
                               0x2703 (size before relaxing)

.debug_loc      0x00000000     0x3bf7
 .debug_loc     0x00000000     0x3bf7 C:\Users\ADMINI~1.PCO\AppData\Local\Temp\lto-llvm-e930c8.o

.debug_abbrev   0x00000000      0x733
 .debug_abbrev  0x00000000      0x70b C:\Users\ADMINI~1.PCO\AppData\Local\Temp\lto-llvm-e930c8.o
 .debug_abbrev  0x0000070b       0x28 ../include_lib/dec/mp3_dec_lib.a(mp3_asm_subfun.o)

.debug_info     0x00000000     0x9727
 .debug_info    0x00000000     0x9463 C:\Users\ADMINI~1.PCO\AppData\Local\Temp\lto-llvm-e930c8.o
 .debug_info    0x00009463      0x2c4 ../include_lib/dec/mp3_dec_lib.a(mp3_asm_subfun.o)

.debug_ranges   0x00000000      0x510
 .debug_ranges  0x00000000      0x510 C:\Users\ADMINI~1.PCO\AppData\Local\Temp\lto-llvm-e930c8.o

.debug_macinfo  0x00000000        0x1
 .debug_macinfo
                0x00000000        0x1 C:\Users\ADMINI~1.PCO\AppData\Local\Temp\lto-llvm-e930c8.o

.debug_pubnames
                0x00000000      0xe23
 .debug_pubnames
                0x00000000      0xe23 C:\Users\ADMINI~1.PCO\AppData\Local\Temp\lto-llvm-e930c8.o

.debug_pubtypes
                0x00000000      0xbf8
 .debug_pubtypes
                0x00000000      0xbf8 C:\Users\ADMINI~1.PCO\AppData\Local\Temp\lto-llvm-e930c8.o

.debug_line     0x00000000     0x6035
 .debug_line    0x00000000     0x5f74 C:\Users\ADMINI~1.PCO\AppData\Local\Temp\lto-llvm-e930c8.o
 .debug_line    0x00005f74       0xc1 ../include_lib/dec/mp3_dec_lib.a(mp3_asm_subfun.o)

.debug_aranges  0x00000000       0x20
 .debug_aranges
                0x00000000       0x20 ../include_lib/dec/mp3_dec_lib.a(mp3_asm_subfun.o)
